------------------------------------------------------------
Timing Analyzer Summary
------------------------------------------------------------

Type  : Slow 1100mV 85C Model Setup 'Clk'
Slack : -22.247
TNS   : -1555.029

Type  : Slow 1100mV 85C Model Hold 'Clk'
Slack : 0.319
TNS   : 0.000

Type  : Slow 1100mV 85C Model Minimum Pulse Width 'Clk'
Slack : -2.636
TNS   : -656.400

Type  : Slow 1100mV 0C Model Setup 'Clk'
Slack : -23.739
TNS   : -1548.051

Type  : Slow 1100mV 0C Model Hold 'Clk'
Slack : 0.297
TNS   : 0.000

Type  : Slow 1100mV 0C Model Minimum Pulse Width 'Clk'
Slack : -2.636
TNS   : -661.926

Type  : Fast 1100mV 85C Model Setup 'Clk'
Slack : -9.771
TNS   : -561.579

Type  : Fast 1100mV 85C Model Hold 'Clk'
Slack : 0.173
TNS   : 0.000

Type  : Fast 1100mV 85C Model Minimum Pulse Width 'Clk'
Slack : -2.174
TNS   : -312.246

Type  : Fast 1100mV 0C Model Setup 'Clk'
Slack : -9.189
TNS   : -479.231

Type  : Fast 1100mV 0C Model Hold 'Clk'
Slack : 0.155
TNS   : 0.000

Type  : Fast 1100mV 0C Model Minimum Pulse Width 'Clk'
Slack : -2.174
TNS   : -312.671

------------------------------------------------------------
